"Ende, Michael";"Die unendliche Geschichte.";"Thienemann Verlag";978-3-522-20260-2;GEB;"20.00 EUR";;30.0;"694 g";" 2019;480 S.;m. Illustr.;220 mm;von 12-99 J.;";250;"Ausgezeichnet mit dem Jugendbuchpreis Buxtehuder Bulle 1979 u. a"
"Lindgren, Astrid";"Niemals Gewalt!.";Oetinger;978-3-7891-0789-4;GEB;"5.00 EUR";;30.0;"130 g";" 2017;80  S.;160 mm;ab 14 J.;";281;"Mit e. Vorw. v. Dunja Hayali"
